******************************************************************************
                  TI ARM Linker PC v20.2.0                     
******************************************************************************
>> Linked Sun May 10 15:55:30 2020

OUTPUT FILE NAME:   <EXP1.out>
ENTRY POINT SYMBOL: "_c_int00_noinit_noargs"  address: 000005f5


MEMORY CONFIGURATION

         name            origin    length      used     unused   attr    fill
----------------------  --------  ---------  --------  --------  ----  --------
  FLASH                 00000000   00040000  0000069a  0003f966  R  X
  SRAM                  20000000   00008000  00000200  00007e00  RW X


SEGMENT ALLOCATION MAP

run origin  load origin   length   init length attrs members
----------  ----------- ---------- ----------- ----- -------
00000000    00000000    0000069a   0000069a    r-x
  00000000    00000000    0000026c   0000026c    r-- .intvecs
  0000026c    0000026c    0000042e   0000042e    r-x .text
20000000    20000000    00000200   00000000    rw-
  20000000    20000000    00000200   00000000    rw- .stack


SECTION ALLOCATION MAP

 output                                  attributes/
section   page    origin      length       input sections
--------  ----  ----------  ----------   ----------------
.intvecs   0    00000000    0000026c     
                  00000000    0000026c     tm4c123gh6pm_startup_ccs.obj (.intvecs)

.text      0    0000026c    0000042e     
                  0000026c    00000132     driverlib.lib : gpio.obj (.text:GPIOPadConfigSet)
                  0000039e    00000002     --HOLE-- [fill = 0]
                  000003a0    0000012c     main.obj (.text)
                  000004cc    000000f4     driverlib.lib : sysctl.obj (.text:SysCtlClockSet)
                  000005c0    00000034                   : sysctl.obj (.text:SysCtlPeripheralEnable)
                  000005f4    0000002c     rtsv7M4_T_le_v4SPD16_eabi.lib : boot_cortex_m.c.obj (.text:_c_int00_noinit_noargs:_c_int00_noinit_noargs)
                  00000620    0000002a     driverlib.lib : gpio.obj (.text:GPIODirModeSet)
                  0000064a    00000018                   : gpio.obj (.text:GPIOPinTypeGPIOOutput)
                  00000662    00000012                   : gpio.obj (.text:GPIOPinTypeGPIOInput)
                  00000674    0000000c     tm4c123gh6pm_startup_ccs.obj (.text)
                  00000680    00000006     driverlib.lib : gpio.obj (.text:GPIOPinRead)
                  00000686    00000006                   : gpio.obj (.text:GPIOPinWrite)
                  0000068c    00000006                   : sysctl.obj (.text:SysCtlDelay)
                  00000692    00000004     rtsv7M4_T_le_v4SPD16_eabi.lib : pre_init.c.obj (.text:_system_pre_init)
                  00000696    00000004                                   : exit.c.obj (.text:abort:abort)

.cinit     0    00000000    00000000     UNINITIALIZED

.init_array 
*          0    00000000    00000000     UNINITIALIZED

.stack     0    20000000    00000200     UNINITIALIZED
                  20000000    00000004     rtsv7M4_T_le_v4SPD16_eabi.lib : boot_cortex_m.c.obj (.stack)
                  20000004    000001fc     --HOLE--

__llvm_prf_cnts 
*          0    20000000    00000000     UNINITIALIZED

MODULE SUMMARY

       Module                         code   ro data   rw data
       ------                         ----   -------   -------
    .\
       tm4c123gh6pm_startup_ccs.obj   12     620       0      
       main.obj                       300    0         0      
    +--+------------------------------+------+---------+---------+
       Total:                         312    620       0      
                                                              
    C:/ti/TivaWare_C_Series-2.1.4.178/driverlib/ccs/Debug/driverlib.lib
       gpio.obj                       402    0         0      
       sysctl.obj                     302    0         0      
    +--+------------------------------+------+---------+---------+
       Total:                         704    0         0      
                                                              
    C:\ti\ccs1000\ccs\tools\compiler\ti-cgt-arm_20.2.0.LTS\lib\rtsv7M4_T_le_v4SPD16_eabi.lib
       boot_cortex_m.c.obj            44     0         0      
       exit.c.obj                     4      0         0      
       pre_init.c.obj                 4      0         0      
    +--+------------------------------+------+---------+---------+
       Total:                         52     0         0      
                                                              
       Stack:                         0      0         512    
    +--+------------------------------+------+---------+---------+
       Grand Total:                   1068   620       512    


GLOBAL SYMBOLS: SORTED ALPHABETICALLY BY Name 

address   name                   
-------   ----                   
00000697  C$$EXIT                
00000621  GPIODirModeSet         
0000026d  GPIOPadConfigSet       
00000681  GPIOPinRead            
00000663  GPIOPinTypeGPIOInput   
0000064b  GPIOPinTypeGPIOOutput  
00000687  GPIOPinWrite           
00000675  ResetISR               
000004cd  SysCtlClockSet         
0000068d  SysCtlDelay            
000005c1  SysCtlPeripheralEnable 
20000200  __STACK_END            
00000200  __STACK_SIZE           
20000200  __STACK_TOP            
ffffffff  __TI_pprof_out_hndl    
ffffffff  __TI_prof_data_size    
ffffffff  __TI_prof_data_start   
00000000  __TI_static_base__     
ffffffff  __binit__              
ffffffff  __c_args__             
UNDEFED   __mpu_init             
20000000  __stack                
20000000  __start___llvm_prf_cnts
20000000  __stop___llvm_prf_cnts 
000005f5  _c_int00_noinit_noargs 
00000693  _system_pre_init       
00000697  abort                  
ffffffff  binit                  
00000000  g_pfnVectors           
000003a1  main                   


GLOBAL SYMBOLS: SORTED BY Symbol Address 

address   name                   
-------   ----                   
00000000  __TI_static_base__     
00000000  g_pfnVectors           
00000200  __STACK_SIZE           
0000026d  GPIOPadConfigSet       
000003a1  main                   
000004cd  SysCtlClockSet         
000005c1  SysCtlPeripheralEnable 
000005f5  _c_int00_noinit_noargs 
00000621  GPIODirModeSet         
0000064b  GPIOPinTypeGPIOOutput  
00000663  GPIOPinTypeGPIOInput   
00000675  ResetISR               
00000681  GPIOPinRead            
00000687  GPIOPinWrite           
0000068d  SysCtlDelay            
00000693  _system_pre_init       
00000697  C$$EXIT                
00000697  abort                  
20000000  __stack                
20000000  __start___llvm_prf_cnts
20000000  __stop___llvm_prf_cnts 
20000200  __STACK_END            
20000200  __STACK_TOP            
ffffffff  __TI_pprof_out_hndl    
ffffffff  __TI_prof_data_size    
ffffffff  __TI_prof_data_start   
ffffffff  __binit__              
ffffffff  __c_args__             
ffffffff  binit                  
UNDEFED   __mpu_init             

[30 symbols]
